1	朝代
2	哈文
